// Vitest Snapshot v1

exports[`Pruebas en <FirstApp /> > Debe hacer match con el snapshot 1`] = `
<div>
  <h1
    data-testid="test-title"
  >
    Este es el FirstAppComponent
  </h1>
  <p>
    Hola, mi nombre es 
    Juan Pablo
     y tengo 
    29
  </p>
</div>
`;
